
> gokcecotton@0.0.0 build
> vite build

[36mvite v7.3.1 [32mbuilding client environment for production...[36m[39m
transforming...
[32mÔ£ô[39m 322 modules transformed.
node.exe : [31mÔ£ù[39m Build fail
ed in 1.54s
At C:\Program Files\nodejs\npm.ps1:
29 char:3
+   & $NODE_EXE $NPM_CLI_JS $args
+   ~~~~~~~~~~~~~~~~~~~~~~~~~~~~~
    + CategoryInfo          : NotS 
   pecified: ([31mÔ£ù[39m Build  
   failed in 1.54s:String) [], R   
 emoteException
    + FullyQualifiedErrorId : Nati 
   veCommandError
 
[31merror during build:
[31msrc/components/app/App.jsx (10
:7): "default" is not exported by "
src/components/app/App.css", import
ed by "src/components/app/App.jsx".
[31m
file: [36mC:/Users/Asus/Documents/
gokcecotton-frontend/src/components
/app/App.jsx:10:7[31m
[33m
 8: import AdminRoute from "../../r
outes/AdminRoute";
 9: import { Toaster } from 'react-
hot-toast';
10: import css from "./App.css";
           ^
11: 
12: const HomePage = lazy(() => imp
ort("../../pages/home/HomePage").th
en(m => ({ default: m.HomePage })))
;
[31m
    at getRollupError (file:///C:/U
sers/Asus/Documents/gokcecotton-fro
ntend/node_modules/rollup/dist/es/s
hared/parseAst.js:400:41)
    at error (file:///C:/Users/Asus
/Documents/gokcecotton-frontend/nod
e_modules/rollup/dist/es/shared/par
seAst.js:396:42)
    at Module.error (file:///C:/Use
rs/Asus/Documents/gokcecotton-front
end/node_modules/rollup/dist/es/sha
red/node-entry.js:17036:16)
    at Module.traceVariable (file:/
//C:/Users/Asus/Documents/gokcecott
on-frontend/node_modules/rollup/dis
t/es/shared/node-entry.js:17448:29)
    at ModuleScope.findVariable (fi
le:///C:/Users/Asus/Documents/gokce
cotton-frontend/node_modules/rollup
/dist/es/shared/node-entry.js:15066
:39)
    at FunctionScope.findVariable (
file:///C:/Users/Asus/Documents/gok
cecotton-frontend/node_modules/roll
up/dist/es/shared/node-entry.js:567
3:38)
    at FunctionBodyScope.findVariab
le (file:///C:/Users/Asus/Documents
/gokcecotton-frontend/node_modules/
rollup/dist/es/shared/node-entry.js
:5673:38)
    at MemberExpression.bind (file:
///C:/Users/Asus/Documents/gokcecot
ton-frontend/node_modules/rollup/di
st/es/shared/node-entry.js:7392:49)
    at Property.bind (file:///C:/Us
ers/Asus/Documents/gokcecotton-fron
tend/node_modules/rollup/dist/es/sh
ared/node-entry.js:2829:23)
    at ObjectExpression.bind (file:
///C:/Users/Asus/Documents/gokcecot
ton-frontend/node_modules/rollup/di
st/es/shared/node-entry.js:2825:28)
[39m
